2026-02-07 13:51:10,917 - INFO - 🚀 Starting Craigslist Scraper v2 - Phase 1
2026-02-07 13:51:10,917 - ERROR - ❌ Error: Configuration file not found: /Users/nigel/Git/CraigslistSearchPython/craigslist_scraper_v2/core/simple_config.yaml
2026-02-07 13:51:20,746 - INFO - 🚀 Starting Craigslist Scraper v2 - Phase 1
2026-02-07 13:51:20,746 - ERROR - ❌ Error: Configuration file not found: /Users/nigel/Git/CraigslistSearchPython/craigslist_scraper_v2/core/simple_config.yaml
2026-02-07 14:16:10,032 - INFO - 🚀 Starting Craigslist Scraper v2 - Phase 1
2026-02-07 14:16:10,033 - INFO - 🔍 Search query: subaru forester manual
2026-02-07 14:16:10,033 - INFO - 📍 Cities: ['sfbay']
2026-02-07 14:16:10,033 - INFO - 📄 Max pages: 3
2026-02-07 14:16:10,033 - INFO - 🔎 Searching Craigslist...
2026-02-07 14:16:10,033 - INFO -    Searching sfbay...
2026-02-07 14:16:38,153 - INFO - 🚀 Starting Craigslist Scraper v2 - Phase 1
2026-02-07 14:16:38,154 - INFO - 🔍 Search query: subaru forester manual
2026-02-07 14:16:38,154 - INFO - 📍 Cities: ['sfbay']
2026-02-07 14:16:38,154 - INFO - 📄 Max pages: 3
2026-02-07 14:16:38,154 - INFO - 🔎 Searching Craigslist...
2026-02-07 14:16:38,154 - INFO -    Searching sfbay...
2026-02-07 14:19:18,705 - INFO - 🚀 Starting Craigslist Scraper v2 - Phase 1
2026-02-07 14:19:18,706 - INFO - Configuration: max_fetch=10, query='subaru forester manual', city='sfbay', category='cto'
2026-02-07 14:19:18,706 - INFO - 🔎 Searching Craigslist for 'subaru forester manual' in sfbay...
2026-02-07 14:19:25,526 - INFO -    Found 30 listings in sfbay
2026-02-07 14:19:25,526 - INFO - ✅ Total listings found: 30
2026-02-07 14:19:25,526 - INFO - 📊 Processing 10 listings (limiting to 10)
2026-02-07 14:19:25,526 - INFO - 📊 Scoring listings...
2026-02-07 14:19:25,526 - INFO - 🏆 RESULTS:
2026-02-07 14:19:25,526 - INFO -  1. Score:  45.0 | Price:       $2,495 | Mileage:        N/A | Location: sfbay           | Title: 1998 Subaru Forester
2026-02-07 14:19:25,526 - INFO -      • Manual transmission (+25)
2026-02-07 14:19:25,526 - INFO -      • First generation 1998 (+20)
2026-02-07 14:19:25,526 - INFO -  2. Score:  25.0 | Price:       $6,900 | Mileage:        N/A | Location: sfbay           | Title: Subaru Forester w/ manual 5 Speed
2026-02-07 14:19:25,526 - INFO -      • Manual transmission (+25)
2026-02-07 14:19:25,526 - INFO -  3. Score:  25.0 | Price:       $6,900 | Mileage:        N/A | Location: sfbay           | Title: Subaru Forester w/ manual 5 Speed
2026-02-07 14:19:25,526 - INFO -      • Manual transmission (+25)
2026-02-07 14:19:25,526 - INFO -  4. Score:  25.0 | Price:       $6,900 | Mileage:        N/A | Location: sfbay           | Title: Subaru Forester w/ manual 5 Speed
2026-02-07 14:19:25,526 - INFO -      • Manual transmission (+25)
2026-02-07 14:19:25,526 - INFO -  5. Score:  25.0 | Price:       $5,500 | Mileage:        N/A | Location: sfbay           | Title: 2010 Subaru Forester – 2.5X Sport Package
2026-02-07 14:19:25,526 - INFO -      • Manual transmission (+25)
2026-02-07 14:19:25,526 - INFO -  6. Score:  25.0 | Price:       $5,900 | Mileage:        N/A | Location: sfbay           | Title: 2013 Subaru Forester
2026-02-07 14:19:25,526 - INFO -      • Manual transmission (+25)
2026-02-07 14:19:25,526 - INFO -  7. Score:  25.0 | Price:       $5,250 | Mileage:        N/A | Location: sfbay           | Title: 2011 Subaru Forester
2026-02-07 14:19:25,526 - INFO -      • Manual transmission (+25)
2026-02-07 14:19:25,527 - INFO -  8. Score:  25.0 | Price:      $10,000 | Mileage:        N/A | Location: sfbay           | Title: 2014 Subaru Forester 2.5i Low Mileage
2026-02-07 14:19:25,527 - INFO -      • Manual transmission (+25)
2026-02-07 14:19:25,527 - INFO -  9. Score:  25.0 | Price:       $7,000 | Mileage:        N/A | Location: sfbay           | Title: 2012 Subaru Forester Manual AWD, Low miles, Digital upgrades!
2026-02-07 14:19:25,527 - INFO -      • Manual transmission (+25)
2026-02-07 14:19:25,527 - INFO - 10. Score:  25.0 | Price:       $8,000 | Mileage:        N/A | Location: sfbay           | Title: 2014 Lincoln MKZ Hybrid Sedan 4D – CLEAN TITLE SMOGGED
2026-02-07 14:19:25,527 - INFO -      • Manual transmission (+25)
2026-02-07 14:19:25,527 - INFO - 📄 Generating HTML report...
2026-02-07 14:19:25,527 - ERROR - ❌ Error: [Errno 2] No such file or directory: ''
2026-02-07 14:20:14,486 - INFO - ✅ Total listings fetched: 10
2026-02-07 14:20:14,486 - INFO - 📊 Scoring listings...
2026-02-07 14:20:14,487 - INFO - 🏆 RESULTS:
2026-02-07 14:20:14,487 - INFO -  1. Score:  45.0 | Price:       $2,495 | Mileage:        N/A | Location: sfbay           | Title: 1998 Subaru Forester
2026-02-07 14:20:14,487 - INFO -      • Manual transmission (+25)
2026-02-07 14:20:14,487 - INFO -      • First generation 1998 (+20)
2026-02-07 14:20:14,487 - INFO -  2. Score:  25.0 | Price:       $6,900 | Mileage:        N/A | Location: sfbay           | Title: Subaru Forester w/ manual 5 Speed
2026-02-07 14:20:14,487 - INFO -      • Manual transmission (+25)
2026-02-07 14:20:14,487 - INFO -  3. Score:  25.0 | Price:       $6,900 | Mileage:        N/A | Location: sfbay           | Title: Subaru Forester w/ manual 5 Speed
2026-02-07 14:20:14,487 - INFO -      • Manual transmission (+25)
2026-02-07 14:20:14,487 - INFO -  4. Score:  25.0 | Price:       $6,900 | Mileage:        N/A | Location: sfbay           | Title: Subaru Forester w/ manual 5 Speed
2026-02-07 14:20:14,487 - INFO -      • Manual transmission (+25)
2026-02-07 14:20:14,487 - INFO -  5. Score:  25.0 | Price:       $5,500 | Mileage:        N/A | Location: sfbay           | Title: 2010 Subaru Forester – 2.5X Sport Package
2026-02-07 14:20:14,487 - INFO -      • Manual transmission (+25)
2026-02-07 14:20:14,487 - INFO -  6. Score:  25.0 | Price:       $5,900 | Mileage:        N/A | Location: sfbay           | Title: 2013 Subaru Forester
2026-02-07 14:20:14,487 - INFO -      • Manual transmission (+25)
2026-02-07 14:20:14,487 - INFO -  7. Score:  25.0 | Price:       $5,250 | Mileage:        N/A | Location: sfbay           | Title: 2011 Subaru Forester
2026-02-07 14:20:14,487 - INFO -      • Manual transmission (+25)
2026-02-07 14:20:14,487 - INFO -  8. Score:  25.0 | Price:      $10,000 | Mileage:        N/A | Location: sfbay           | Title: 2014 Subaru Forester 2.5i Low Mileage
2026-02-07 14:20:14,487 - INFO -      • Manual transmission (+25)
2026-02-07 14:20:14,487 - INFO -  9. Score:  25.0 | Price:       $7,000 | Mileage:        N/A | Location: sfbay           | Title: 2012 Subaru Forester Manual AWD, Low miles, Digital upgrades!
2026-02-07 14:20:14,487 - INFO -      • Manual transmission (+25)
2026-02-07 14:20:14,487 - INFO - 10. Score:  25.0 | Price:       $8,000 | Mileage:        N/A | Location: sfbay           | Title: 2014 Lincoln MKZ Hybrid Sedan 4D – CLEAN TITLE SMOGGED
2026-02-07 14:20:14,487 - INFO -      • Manual transmission (+25)
2026-02-07 14:20:14,487 - INFO - 📄 Generating HTML report...
2026-02-07 14:20:14,487 - INFO - 💾 HTML report saved to: search_results_20260207_142014.html
2026-02-07 14:20:14,488 - INFO - 🎉 Search completed successfully!
2026-02-07 15:51:47,849 - INFO - 🚀 Starting Craigslist Scraper v2 - Phase 1
2026-02-07 15:51:47,850 - INFO - Configuration: max_fetch=5, query='subaru forester manual', city='sfbay', category='cto'
2026-02-07 15:51:47,852 - INFO - 🔎 Searching Craigslist for 'subaru forester' in sfbay...
2026-02-07 15:52:18,500 - INFO - ✅ Total listings fetched: 5
2026-02-07 15:52:18,500 - INFO - 📊 Scoring listings...
2026-02-07 15:52:18,500 - INFO - 🏆 RESULTS:
2026-02-07 15:52:18,500 - INFO -  1. Score:  30.0 | Price:       $6,900 | Mileage:        N/A | Location: sfbay           | Title: Subaru Forester w/ manual 5 Speed
2026-02-07 15:52:18,500 - INFO -      • 'manual' (+25)
2026-02-07 15:52:18,500 - INFO -      • 'awd' (+5)
2026-02-07 15:52:18,501 - INFO -  2. Score:  10.0 | Price:       $7,200 | Mileage:        N/A | Location: sfbay           | Title: 2015 SUBARU FORESTER 2.5I PREMIUM
2026-02-07 15:52:18,501 - INFO -      • 'low mileage' (+15)
2026-02-07 15:52:18,501 - INFO -      • 'clean title' (+10)
2026-02-07 15:52:18,501 - INFO -      • 'xt' (-15)
2026-02-07 15:52:18,501 - INFO -  3. Score:   5.0 | Price:      $19,480 | Mileage:        N/A | Location: sfbay           | Title: 2019 Subaru Forester Limited AWD.1Owmer.49km.Reliable
2026-02-07 15:52:18,501 - INFO -      • 'clean' (+10)
2026-02-07 15:52:18,501 - INFO -      • 'awd' (+5)
2026-02-07 15:52:18,501 - INFO -      • 'automatic' (-10)
2026-02-07 15:52:18,501 - INFO -  4. Score:   5.0 | Price:       $6,200 | Mileage:        N/A | Location: sfbay           | Title: 2011 Subaru Forester X 2.6 Liter, H4
2026-02-07 15:52:18,501 - INFO -      • 'clean title' (+10)
2026-02-07 15:52:18,501 - INFO -      • 'all wheel drive' (+5)
2026-02-07 15:52:18,501 - INFO -      • 'automatic' (-10)
2026-02-07 15:52:18,501 - INFO -  5. Score: -20.0 | Price:       $3,000 | Mileage:        N/A | Location: sfbay           | Title: 2006 Subaru Forester AWD
2026-02-07 15:52:18,501 - INFO -      • 'clean title' (+10)
2026-02-07 15:52:18,501 - INFO -      • 'awd' (+5)
2026-02-07 15:52:18,501 - INFO -      • 'xt' (-15)
2026-02-07 15:52:18,501 - INFO -      • 'lot' (-20)
2026-02-07 15:52:18,501 - INFO - 📄 Generating HTML report...
2026-02-07 15:52:18,501 - INFO - 💾 HTML report saved to: search_results_20260207_155218.html
2026-02-07 15:52:18,501 - INFO - 🎉 Search completed successfully!
2026-02-07 15:56:02,106 - INFO - 🚀 Starting Craigslist Scraper v2 - Phase 1
2026-02-07 15:56:02,106 - INFO - Configuration: max_fetch=5, query='subaru forester manual', city='sfbay', category='cto'
2026-02-07 15:56:02,108 - INFO - 🔎 Searching Craigslist for 'subaru forester' in sfbay...
2026-02-07 15:56:32,633 - INFO - ✅ Total listings fetched: 5
2026-02-07 15:56:32,634 - INFO - 📊 Scoring listings...
2026-02-07 15:56:32,634 - INFO - 🏆 RESULTS:
2026-02-07 15:56:32,634 - INFO -  1. Score:  30.0 | Price:       $6,900 | Mileage:        N/A | Location: sfbay           | Title: Subaru Forester w/ manual 5 Speed
2026-02-07 15:56:32,634 - INFO -      • 'manual' (+25)
2026-02-07 15:56:32,634 - INFO -      • 'awd' (+5)
2026-02-07 15:56:32,634 - INFO -  2. Score:  10.0 | Price:       $7,200 | Mileage:        N/A | Location: sfbay           | Title: 2015 SUBARU FORESTER 2.5I PREMIUM
2026-02-07 15:56:32,634 - INFO -      • 'low mileage' (+15)
2026-02-07 15:56:32,634 - INFO -      • 'clean title' (+10)
2026-02-07 15:56:32,634 - INFO -      • 'xt' (-15)
2026-02-07 15:56:32,634 - INFO -  3. Score:   5.0 | Price:       $6,200 | Mileage:        N/A | Location: sfbay           | Title: 2011 Subaru Forester X 2.6 Liter, H4
2026-02-07 15:56:32,634 - INFO -      • 'clean title' (+10)
2026-02-07 15:56:32,634 - INFO -      • 'all wheel drive' (+5)
2026-02-07 15:56:32,634 - INFO -      • 'automatic' (-10)
2026-02-07 15:56:32,634 - INFO -  4. Score:  -5.0 | Price:      $19,480 | Mileage:        N/A | Location: sfbay           | Title: 2019 Subaru Forester Limited AWD.1Owmer.49km.Reliable
2026-02-07 15:56:32,634 - INFO -      • 'awd' (+5)
2026-02-07 15:56:32,634 - INFO -      • 'automatic' (-10)
2026-02-07 15:56:32,634 - INFO -  5. Score: -20.0 | Price:       $3,000 | Mileage:        N/A | Location: sfbay           | Title: 2006 Subaru Forester AWD
2026-02-07 15:56:32,634 - INFO -      • 'clean title' (+10)
2026-02-07 15:56:32,634 - INFO -      • 'awd' (+5)
2026-02-07 15:56:32,634 - INFO -      • 'xt' (-15)
2026-02-07 15:56:32,635 - INFO -      • 'lot' (-20)
2026-02-07 15:56:32,635 - INFO - 📄 Generating HTML report...
2026-02-07 15:56:32,635 - INFO - 💾 HTML report saved to: search_results_20260207_155632.html
2026-02-07 15:56:32,635 - INFO - 🎉 Search completed successfully!
2026-02-07 16:02:00,341 - INFO - 🚀 Starting Craigslist Scraper v2 - Phase 1
2026-02-07 16:02:00,343 - INFO - 🔎 Fetching new listings (limit: 5)...
2026-02-07 16:02:30,949 - INFO - ✅ Found 5 new listings (checked 5 total)
2026-02-07 16:02:30,949 - INFO - 📊 Processing 5 total listings...
2026-02-07 16:02:30,949 - INFO - 📊 Scoring listings...
2026-02-07 16:02:30,949 - INFO - 🏆 ALL LISTINGS (sorted by score):
2026-02-07 16:02:30,949 - INFO -  1. Score:  30.0 | Price:       $6,900 | Mileage:        N/A | Location: sfbay           | Title: Subaru Forester w/ manual 5 Speed
2026-02-07 16:02:30,949 - INFO -      • 'manual' (+25)
2026-02-07 16:02:30,949 - INFO -      • 'awd' (+5)
2026-02-07 16:02:30,950 - INFO -  2. Score:  10.0 | Price:       $7,200 | Mileage:        N/A | Location: sfbay           | Title: 2015 SUBARU FORESTER 2.5I PREMIUM
2026-02-07 16:02:30,950 - INFO -      • 'low mileage' (+15)
2026-02-07 16:02:30,950 - INFO -      • 'clean title' (+10)
2026-02-07 16:02:30,950 - INFO -      • 'xt' (-15)
2026-02-07 16:02:30,950 - INFO -  3. Score:   5.0 | Price:       $6,200 | Mileage:        N/A | Location: sfbay           | Title: 2011 Subaru Forester X 2.6 Liter, H4
2026-02-07 16:02:30,950 - INFO -      • 'clean title' (+10)
2026-02-07 16:02:30,950 - INFO -      • 'all wheel drive' (+5)
2026-02-07 16:02:30,950 - INFO -      • 'automatic' (-10)
2026-02-07 16:02:30,950 - INFO -  4. Score:  -5.0 | Price:      $19,480 | Mileage:        N/A | Location: sfbay           | Title: 2019 Subaru Forester Limited AWD.1Owmer.49km.Reliable
2026-02-07 16:02:30,950 - INFO -      • 'awd' (+5)
2026-02-07 16:02:30,950 - INFO -      • 'automatic' (-10)
2026-02-07 16:02:30,950 - INFO -  5. Score: -20.0 | Price:       $3,000 | Mileage:        N/A | Location: sfbay           | Title: 2006 Subaru Forester AWD
2026-02-07 16:02:30,950 - INFO -      • 'clean title' (+10)
2026-02-07 16:02:30,950 - INFO -      • 'awd' (+5)
2026-02-07 16:02:30,950 - INFO -      • 'xt' (-15)
2026-02-07 16:02:30,950 - INFO -      • 'lot' (-20)
2026-02-07 16:02:30,950 - INFO - 📄 Generating HTML report...
2026-02-07 16:02:30,950 - INFO - 💾 HTML report saved to: search_results_20260207_160230.html
2026-02-07 16:02:30,950 - INFO - 🎉 Done!
2026-02-07 16:02:42,187 - INFO - 🚀 Starting Craigslist Scraper v2 - Phase 1
2026-02-07 16:02:42,189 - INFO - 🔎 Fetching new listings (limit: 5)...
2026-02-07 16:04:13,520 - INFO - ✅ Found 0 new listings (checked 15 total)
2026-02-07 16:04:13,521 - INFO - 📊 Processing 5 total listings...
2026-02-07 16:04:13,521 - INFO - 📊 Scoring listings...
2026-02-07 16:04:13,521 - INFO - 🏆 ALL LISTINGS (sorted by score):
2026-02-07 16:04:13,521 - INFO -  1. Score:  30.0 | Price:       $6,900 | Mileage:        N/A | Location: sfbay           | Title: Subaru Forester w/ manual 5 Speed
2026-02-07 16:04:13,521 - INFO -      • 'manual' (+25)
2026-02-07 16:04:13,521 - INFO -      • 'awd' (+5)
2026-02-07 16:04:13,521 - INFO -  2. Score:  10.0 | Price:       $7,200 | Mileage:        N/A | Location: sfbay           | Title: 2015 SUBARU FORESTER 2.5I PREMIUM
2026-02-07 16:04:13,521 - INFO -      • 'low mileage' (+15)
2026-02-07 16:04:13,521 - INFO -      • 'clean title' (+10)
2026-02-07 16:04:13,521 - INFO -      • 'xt' (-15)
2026-02-07 16:04:13,521 - INFO -  3. Score:   5.0 | Price:       $6,200 | Mileage:        N/A | Location: sfbay           | Title: 2011 Subaru Forester X 2.6 Liter, H4
2026-02-07 16:04:13,521 - INFO -      • 'clean title' (+10)
2026-02-07 16:04:13,521 - INFO -      • 'all wheel drive' (+5)
2026-02-07 16:04:13,521 - INFO -      • 'automatic' (-10)
2026-02-07 16:04:13,521 - INFO -  4. Score:  -5.0 | Price:      $19,480 | Mileage:        N/A | Location: sfbay           | Title: 2019 Subaru Forester Limited AWD.1Owmer.49km.Reliable
2026-02-07 16:04:13,521 - INFO -      • 'awd' (+5)
2026-02-07 16:04:13,521 - INFO -      • 'automatic' (-10)
2026-02-07 16:04:13,521 - INFO -  5. Score: -20.0 | Price:       $3,000 | Mileage:        N/A | Location: sfbay           | Title: 2006 Subaru Forester AWD
2026-02-07 16:04:13,521 - INFO -      • 'clean title' (+10)
2026-02-07 16:04:13,521 - INFO -      • 'awd' (+5)
2026-02-07 16:04:13,521 - INFO -      • 'xt' (-15)
2026-02-07 16:04:13,521 - INFO -      • 'lot' (-20)
2026-02-07 16:04:13,521 - INFO - 📄 Generating HTML report...
2026-02-07 16:04:13,522 - INFO - 💾 HTML report saved to: search_results_20260207_160413.html
2026-02-07 16:04:13,522 - INFO - 🎉 Done!
2026-02-07 16:04:25,281 - INFO - 🚀 Starting Craigslist Scraper v2 - Phase 1
2026-02-07 16:04:25,284 - INFO - 📂 Display mode: Loading existing listings (use --fetch to get new ones)
2026-02-07 16:04:25,284 - INFO - 📊 Processing 5 total listings...
2026-02-07 16:04:25,284 - INFO - 📊 Scoring listings...
2026-02-07 16:04:25,284 - INFO - 🏆 ALL LISTINGS (sorted by score):
2026-02-07 16:04:25,284 - INFO -  1. Score:  30.0 | Price:       $6,900 | Mileage:        N/A | Location: sfbay           | Title: Subaru Forester w/ manual 5 Speed
2026-02-07 16:04:25,284 - INFO -      • 'manual' (+25)
2026-02-07 16:04:25,284 - INFO -      • 'awd' (+5)
2026-02-07 16:04:25,284 - INFO -  2. Score:  10.0 | Price:       $7,200 | Mileage:        N/A | Location: sfbay           | Title: 2015 SUBARU FORESTER 2.5I PREMIUM
2026-02-07 16:04:25,284 - INFO -      • 'low mileage' (+15)
2026-02-07 16:04:25,284 - INFO -      • 'clean title' (+10)
2026-02-07 16:04:25,284 - INFO -      • 'xt' (-15)
2026-02-07 16:04:25,284 - INFO -  3. Score:   5.0 | Price:       $6,200 | Mileage:        N/A | Location: sfbay           | Title: 2011 Subaru Forester X 2.6 Liter, H4
2026-02-07 16:04:25,284 - INFO -      • 'clean title' (+10)
2026-02-07 16:04:25,284 - INFO -      • 'all wheel drive' (+5)
2026-02-07 16:04:25,284 - INFO -      • 'automatic' (-10)
2026-02-07 16:04:25,284 - INFO -  4. Score:  -5.0 | Price:      $19,480 | Mileage:        N/A | Location: sfbay           | Title: 2019 Subaru Forester Limited AWD.1Owmer.49km.Reliable
2026-02-07 16:04:25,284 - INFO -      • 'awd' (+5)
2026-02-07 16:04:25,284 - INFO -      • 'automatic' (-10)
2026-02-07 16:04:25,284 - INFO -  5. Score: -20.0 | Price:       $3,000 | Mileage:        N/A | Location: sfbay           | Title: 2006 Subaru Forester AWD
2026-02-07 16:04:25,284 - INFO -      • 'clean title' (+10)
2026-02-07 16:04:25,284 - INFO -      • 'awd' (+5)
2026-02-07 16:04:25,284 - INFO -      • 'xt' (-15)
2026-02-07 16:04:25,285 - INFO -      • 'lot' (-20)
2026-02-07 16:04:25,285 - INFO - 📄 Generating HTML report...
2026-02-07 16:04:25,285 - INFO - 💾 HTML report saved to: search_results_20260207_160425.html
2026-02-07 16:04:25,285 - INFO - 🎉 Done!
2026-02-07 16:06:39,048 - INFO - 🚀 Starting Craigslist Scraper v2 - Phase 1
2026-02-07 16:06:39,050 - INFO - 📂 Display mode: Loading existing listings (use --fetch to get new ones)
2026-02-07 16:06:39,050 - INFO - 📊 Processing 5 total listings...
2026-02-07 16:06:39,050 - INFO - 📊 Scoring listings...
2026-02-07 16:06:39,050 - INFO - 🏆 ALL LISTINGS (sorted by score):
2026-02-07 16:06:39,050 - INFO -  1. Score:  30.0 | Price:       $6,900 | Mileage:        N/A | Location: sfbay           | Title: Subaru Forester w/ manual 5 Speed
2026-02-07 16:06:39,050 - INFO -      • 'manual' (+25)
2026-02-07 16:06:39,050 - INFO -      • 'awd' (+5)
2026-02-07 16:06:39,050 - INFO -  2. Score:  10.0 | Price:       $7,200 | Mileage:        N/A | Location: sfbay           | Title: 2015 SUBARU FORESTER 2.5I PREMIUM
2026-02-07 16:06:39,050 - INFO -      • 'low mileage' (+15)
2026-02-07 16:06:39,050 - INFO -      • 'clean title' (+10)
2026-02-07 16:06:39,050 - INFO -      • 'xt' (-15)
2026-02-07 16:06:39,050 - INFO -  3. Score:   5.0 | Price:       $6,200 | Mileage:        N/A | Location: sfbay           | Title: 2011 Subaru Forester X 2.6 Liter, H4
2026-02-07 16:06:39,051 - INFO -      • 'clean title' (+10)
2026-02-07 16:06:39,051 - INFO -      • 'all wheel drive' (+5)
2026-02-07 16:06:39,051 - INFO -      • 'automatic' (-10)
2026-02-07 16:06:39,051 - INFO -  4. Score:  -5.0 | Price:      $19,480 | Mileage:        N/A | Location: sfbay           | Title: 2019 Subaru Forester Limited AWD.1Owmer.49km.Reliable
2026-02-07 16:06:39,051 - INFO -      • 'awd' (+5)
2026-02-07 16:06:39,051 - INFO -      • 'automatic' (-10)
2026-02-07 16:06:39,051 - INFO -  5. Score: -20.0 | Price:       $3,000 | Mileage:        N/A | Location: sfbay           | Title: 2006 Subaru Forester AWD
2026-02-07 16:06:39,051 - INFO -      • 'clean title' (+10)
2026-02-07 16:06:39,051 - INFO -      • 'awd' (+5)
2026-02-07 16:06:39,051 - INFO -      • 'xt' (-15)
2026-02-07 16:06:39,051 - INFO -      • 'lot' (-20)
2026-02-07 16:06:39,051 - INFO - 📄 Generating HTML report...
2026-02-07 16:06:39,051 - INFO - 💾 HTML report saved to: search_results_20260207_160639.html
2026-02-07 16:06:39,051 - INFO - 🎉 Done!
2026-02-07 16:06:50,789 - INFO - 🚀 Starting Craigslist Scraper v2 - Phase 1
2026-02-07 16:06:50,792 - INFO - 🔎 Fetching new listings (limit: 5)...
2026-02-07 16:08:22,539 - INFO - ✅ Found 0 new listings (checked 15 total)
2026-02-07 16:08:22,540 - INFO - 📊 Processing 5 total listings...
2026-02-07 16:08:22,540 - INFO - 📊 Scoring listings...
2026-02-07 16:08:22,540 - INFO - 🏆 ALL LISTINGS (sorted by score):
2026-02-07 16:08:22,540 - INFO -  1. Score:  30.0 | Price:       $6,900 | Mileage:        N/A | Location: sfbay           | Title: Subaru Forester w/ manual 5 Speed
2026-02-07 16:08:22,540 - INFO -      • 'manual' (+25)
2026-02-07 16:08:22,540 - INFO -      • 'awd' (+5)
2026-02-07 16:08:22,540 - INFO -  2. Score:  10.0 | Price:       $7,200 | Mileage:        N/A | Location: sfbay           | Title: 2015 SUBARU FORESTER 2.5I PREMIUM
2026-02-07 16:08:22,541 - INFO -      • 'low mileage' (+15)
2026-02-07 16:08:22,541 - INFO -      • 'clean title' (+10)
2026-02-07 16:08:22,541 - INFO -      • 'xt' (-15)
2026-02-07 16:08:22,541 - INFO -  3. Score:   5.0 | Price:       $6,200 | Mileage:        N/A | Location: sfbay           | Title: 2011 Subaru Forester X 2.6 Liter, H4
2026-02-07 16:08:22,541 - INFO -      • 'clean title' (+10)
2026-02-07 16:08:22,541 - INFO -      • 'all wheel drive' (+5)
2026-02-07 16:08:22,541 - INFO -      • 'automatic' (-10)
2026-02-07 16:08:22,541 - INFO -  4. Score:  -5.0 | Price:      $19,480 | Mileage:        N/A | Location: sfbay           | Title: 2019 Subaru Forester Limited AWD.1Owmer.49km.Reliable
2026-02-07 16:08:22,541 - INFO -      • 'awd' (+5)
2026-02-07 16:08:22,541 - INFO -      • 'automatic' (-10)
2026-02-07 16:08:22,541 - INFO -  5. Score: -20.0 | Price:       $3,000 | Mileage:        N/A | Location: sfbay           | Title: 2006 Subaru Forester AWD
2026-02-07 16:08:22,541 - INFO -      • 'clean title' (+10)
2026-02-07 16:08:22,541 - INFO -      • 'awd' (+5)
2026-02-07 16:08:22,541 - INFO -      • 'xt' (-15)
2026-02-07 16:08:22,541 - INFO -      • 'lot' (-20)
2026-02-07 16:08:22,541 - INFO - 📄 Generating HTML report...
2026-02-07 16:08:22,541 - INFO - 💾 HTML report saved to: search_results_20260207_160822.html
2026-02-07 16:08:22,541 - INFO - 🎉 Done!
2026-02-07 16:09:19,998 - INFO - 🚀 Starting Craigslist Scraper v2 - Phase 1
2026-02-07 16:09:20,000 - INFO - 🔎 Fetching new listings (limit: 5)...
2026-02-07 16:09:50,532 - INFO - ✅ Found 5 new listings (checked 5 total)
2026-02-07 16:09:50,533 - INFO - 📊 Processing 5 total listings...
2026-02-07 16:09:50,533 - INFO - 📊 Scoring listings...
2026-02-07 16:09:50,533 - INFO - 🏆 ALL LISTINGS (sorted by score):
2026-02-07 16:09:50,533 - INFO -  1. Score:  30.0 | Price:       $6,900 | Mileage:        N/A | Location: sfbay           | Title: Subaru Forester w/ manual 5 Speed
2026-02-07 16:09:50,533 - INFO -      • 'manual' (+25)
2026-02-07 16:09:50,533 - INFO -      • 'awd' (+5)
2026-02-07 16:09:50,533 - INFO -  2. Score:  10.0 | Price:       $7,200 | Mileage:        N/A | Location: sfbay           | Title: 2015 SUBARU FORESTER 2.5I PREMIUM
2026-02-07 16:09:50,533 - INFO -      • 'low mileage' (+15)
2026-02-07 16:09:50,533 - INFO -      • 'clean title' (+10)
2026-02-07 16:09:50,533 - INFO -      • 'xt' (-15)
2026-02-07 16:09:50,533 - INFO -  3. Score:   5.0 | Price:       $6,200 | Mileage:        N/A | Location: sfbay           | Title: 2011 Subaru Forester X 2.6 Liter, H4
2026-02-07 16:09:50,533 - INFO -      • 'clean title' (+10)
2026-02-07 16:09:50,533 - INFO -      • 'all wheel drive' (+5)
2026-02-07 16:09:50,533 - INFO -      • 'automatic' (-10)
2026-02-07 16:09:50,533 - INFO -  4. Score:  -5.0 | Price:      $19,480 | Mileage:        N/A | Location: sfbay           | Title: 2019 Subaru Forester Limited AWD.1Owmer.49km.Reliable
2026-02-07 16:09:50,533 - INFO -      • 'awd' (+5)
2026-02-07 16:09:50,534 - INFO -      • 'automatic' (-10)
2026-02-07 16:09:50,534 - INFO -  5. Score: -20.0 | Price:       $3,000 | Mileage:        N/A | Location: sfbay           | Title: 2006 Subaru Forester AWD
2026-02-07 16:09:50,534 - INFO -      • 'clean title' (+10)
2026-02-07 16:09:50,534 - INFO -      • 'awd' (+5)
2026-02-07 16:09:50,534 - INFO -      • 'xt' (-15)
2026-02-07 16:09:50,534 - INFO -      • 'lot' (-20)
2026-02-07 16:09:50,534 - INFO - 📄 Generating HTML report...
2026-02-07 16:09:50,534 - INFO - 💾 HTML report saved to: search_results_20260207_160950.html
2026-02-07 16:09:50,534 - INFO - 🎉 Done!
2026-02-07 16:10:41,565 - INFO - 🚀 Starting Craigslist Scraper v2 - Phase 1
2026-02-07 16:10:41,568 - INFO - 🔎 Fetching new listings (limit: 5)...
2026-02-07 16:10:41,568 - INFO -   Searching page 1 (need 5 more new listings)...
2026-02-07 16:15:16,737 - INFO - 🚀 Starting Craigslist Scraper v2 - Phase 1
2026-02-07 16:15:16,739 - INFO - 📂 Display mode: Loading existing listings (use --fetch to get new ones)
2026-02-07 16:15:16,739 - WARNING - ❌ No listings found! Use --fetch to search for listings.
